<!doctype html public "-//w3c//dtd html 4.0 transitional//en">
<html><head>
<title>Static Call Graph - [.\Objects\Smart_Watch.axf]</title></head>
<body><HR>
<H1>Static Call Graph for image .\Objects\Smart_Watch.axf</H1><HR>
<BR><P>#&#060CALLGRAPH&#062# ARM Linker, 6220000: Last Updated: Mon Dec 23 19:43:49 2024
<BR><P>
<H3>Maximum Stack Usage =         32 bytes + Unknown(Functions without stacksize, Cycles, Untraceable Function Pointers)</H3><H3>
Call chain for Maximum Stack Depth:</H3>
SystemInit &rArr; SetSysClock &rArr; SetSysClockTo72
<P>
<H3>
Functions with no stack information
</H3><UL>
 <LI><a href="#[32]">EXTI15_10_IRQHandler</a>
 <LI><a href="#[2a]">I2C1_ER_IRQHandler</a>
 <LI><a href="#[29]">I2C1_EV_IRQHandler</a>
 <LI><a href="#[2c]">I2C2_ER_IRQHandler</a>
 <LI><a href="#[2b]">I2C2_EV_IRQHandler</a>
 <LI><a href="#[2d]">SPI1_IRQHandler</a>
 <LI><a href="#[2e]">SPI2_IRQHandler</a>
 <LI><a href="#[27]">TIM3_IRQHandler</a>
 <LI><a href="#[28]">TIM4_IRQHandler</a>
 <LI><a href="#[2f]">USART1_IRQHandler</a>
 <LI><a href="#[30]">USART2_IRQHandler</a>
 <LI><a href="#[31]">USART3_IRQHandler</a>
 <LI><a href="#[33]">RTCAlarm_IRQHandler</a>
 <LI><a href="#[34]">USBWakeUp_IRQHandler</a>
 <LI><a href="#[37]">__user_initial_stackheap</a>
</UL>
</UL>
<P>
<H3>
Mutually Recursive functions
</H3> <LI><a href="#[1]">NMI_Handler</a>&nbsp;&nbsp;&nbsp;&rArr;&nbsp;&nbsp;&nbsp;<a href="#[1]">NMI_Handler</a><BR>
 <LI><a href="#[2]">HardFault_Handler</a>&nbsp;&nbsp;&nbsp;&rArr;&nbsp;&nbsp;&nbsp;<a href="#[2]">HardFault_Handler</a><BR>
 <LI><a href="#[3]">MemManage_Handler</a>&nbsp;&nbsp;&nbsp;&rArr;&nbsp;&nbsp;&nbsp;<a href="#[3]">MemManage_Handler</a><BR>
 <LI><a href="#[4]">BusFault_Handler</a>&nbsp;&nbsp;&nbsp;&rArr;&nbsp;&nbsp;&nbsp;<a href="#[4]">BusFault_Handler</a><BR>
 <LI><a href="#[5]">UsageFault_Handler</a>&nbsp;&nbsp;&nbsp;&rArr;&nbsp;&nbsp;&nbsp;<a href="#[5]">UsageFault_Handler</a><BR>
 <LI><a href="#[6]">SVC_Handler</a>&nbsp;&nbsp;&nbsp;&rArr;&nbsp;&nbsp;&nbsp;<a href="#[6]">SVC_Handler</a><BR>
 <LI><a href="#[7]">DebugMon_Handler</a>&nbsp;&nbsp;&nbsp;&rArr;&nbsp;&nbsp;&nbsp;<a href="#[7]">DebugMon_Handler</a><BR>
 <LI><a href="#[8]">PendSV_Handler</a>&nbsp;&nbsp;&nbsp;&rArr;&nbsp;&nbsp;&nbsp;<a href="#[8]">PendSV_Handler</a><BR>
 <LI><a href="#[9]">SysTick_Handler</a>&nbsp;&nbsp;&nbsp;&rArr;&nbsp;&nbsp;&nbsp;<a href="#[9]">SysTick_Handler</a><BR>
 <LI><a href="#[33]">RTCAlarm_IRQHandler</a>&nbsp;&nbsp;&nbsp;&rArr;&nbsp;&nbsp;&nbsp;<a href="#[33]">RTCAlarm_IRQHandler</a><BR>
</UL>
<P>
<H3>
Function Pointers
</H3><UL>
 <LI><a href="#[1c]">ADC1_2_IRQHandler</a> from startup_stm32f10x_md.o(.text) referenced from startup_stm32f10x_md.o(RESET)
 <LI><a href="#[4]">BusFault_Handler</a> from startup_stm32f10x_md.o(.text) referenced from startup_stm32f10x_md.o(RESET)
 <LI><a href="#[1f]">CAN1_RX1_IRQHandler</a> from startup_stm32f10x_md.o(.text) referenced from startup_stm32f10x_md.o(RESET)
 <LI><a href="#[20]">CAN1_SCE_IRQHandler</a> from startup_stm32f10x_md.o(.text) referenced from startup_stm32f10x_md.o(RESET)
 <LI><a href="#[15]">DMA1_Channel1_IRQHandler</a> from startup_stm32f10x_md.o(.text) referenced from startup_stm32f10x_md.o(RESET)
 <LI><a href="#[16]">DMA1_Channel2_IRQHandler</a> from startup_stm32f10x_md.o(.text) referenced from startup_stm32f10x_md.o(RESET)
 <LI><a href="#[17]">DMA1_Channel3_IRQHandler</a> from startup_stm32f10x_md.o(.text) referenced from startup_stm32f10x_md.o(RESET)
 <LI><a href="#[18]">DMA1_Channel4_IRQHandler</a> from startup_stm32f10x_md.o(.text) referenced from startup_stm32f10x_md.o(RESET)
 <LI><a href="#[19]">DMA1_Channel5_IRQHandler</a> from startup_stm32f10x_md.o(.text) referenced from startup_stm32f10x_md.o(RESET)
 <LI><a href="#[1a]">DMA1_Channel6_IRQHandler</a> from startup_stm32f10x_md.o(.text) referenced from startup_stm32f10x_md.o(RESET)
 <LI><a href="#[1b]">DMA1_Channel7_IRQHandler</a> from startup_stm32f10x_md.o(.text) referenced from startup_stm32f10x_md.o(RESET)
 <LI><a href="#[7]">DebugMon_Handler</a> from startup_stm32f10x_md.o(.text) referenced from startup_stm32f10x_md.o(RESET)
 <LI><a href="#[10]">EXTI0_IRQHandler</a> from startup_stm32f10x_md.o(.text) referenced from startup_stm32f10x_md.o(RESET)
 <LI><a href="#[32]">EXTI15_10_IRQHandler</a> from startup_stm32f10x_md.o(.text) referenced from startup_stm32f10x_md.o(RESET)
 <LI><a href="#[11]">EXTI1_IRQHandler</a> from startup_stm32f10x_md.o(.text) referenced from startup_stm32f10x_md.o(RESET)
 <LI><a href="#[12]">EXTI2_IRQHandler</a> from startup_stm32f10x_md.o(.text) referenced from startup_stm32f10x_md.o(RESET)
 <LI><a href="#[13]">EXTI3_IRQHandler</a> from startup_stm32f10x_md.o(.text) referenced from startup_stm32f10x_md.o(RESET)
 <LI><a href="#[14]">EXTI4_IRQHandler</a> from startup_stm32f10x_md.o(.text) referenced from startup_stm32f10x_md.o(RESET)
 <LI><a href="#[21]">EXTI9_5_IRQHandler</a> from startup_stm32f10x_md.o(.text) referenced from startup_stm32f10x_md.o(RESET)
 <LI><a href="#[e]">FLASH_IRQHandler</a> from startup_stm32f10x_md.o(.text) referenced from startup_stm32f10x_md.o(RESET)
 <LI><a href="#[2]">HardFault_Handler</a> from startup_stm32f10x_md.o(.text) referenced from startup_stm32f10x_md.o(RESET)
 <LI><a href="#[2a]">I2C1_ER_IRQHandler</a> from startup_stm32f10x_md.o(.text) referenced from startup_stm32f10x_md.o(RESET)
 <LI><a href="#[29]">I2C1_EV_IRQHandler</a> from startup_stm32f10x_md.o(.text) referenced from startup_stm32f10x_md.o(RESET)
 <LI><a href="#[2c]">I2C2_ER_IRQHandler</a> from startup_stm32f10x_md.o(.text) referenced from startup_stm32f10x_md.o(RESET)
 <LI><a href="#[2b]">I2C2_EV_IRQHandler</a> from startup_stm32f10x_md.o(.text) referenced from startup_stm32f10x_md.o(RESET)
 <LI><a href="#[3]">MemManage_Handler</a> from startup_stm32f10x_md.o(.text) referenced from startup_stm32f10x_md.o(RESET)
 <LI><a href="#[1]">NMI_Handler</a> from startup_stm32f10x_md.o(.text) referenced from startup_stm32f10x_md.o(RESET)
 <LI><a href="#[b]">PVD_IRQHandler</a> from startup_stm32f10x_md.o(.text) referenced from startup_stm32f10x_md.o(RESET)
 <LI><a href="#[8]">PendSV_Handler</a> from startup_stm32f10x_md.o(.text) referenced from startup_stm32f10x_md.o(RESET)
 <LI><a href="#[f]">RCC_IRQHandler</a> from startup_stm32f10x_md.o(.text) referenced from startup_stm32f10x_md.o(RESET)
 <LI><a href="#[33]">RTCAlarm_IRQHandler</a> from startup_stm32f10x_md.o(.text) referenced from startup_stm32f10x_md.o(RESET)
 <LI><a href="#[d]">RTC_IRQHandler</a> from startup_stm32f10x_md.o(.text) referenced from startup_stm32f10x_md.o(RESET)
 <LI><a href="#[0]">Reset_Handler</a> from startup_stm32f10x_md.o(.text) referenced from startup_stm32f10x_md.o(RESET)
 <LI><a href="#[2d]">SPI1_IRQHandler</a> from startup_stm32f10x_md.o(.text) referenced from startup_stm32f10x_md.o(RESET)
 <LI><a href="#[2e]">SPI2_IRQHandler</a> from startup_stm32f10x_md.o(.text) referenced from startup_stm32f10x_md.o(RESET)
 <LI><a href="#[6]">SVC_Handler</a> from startup_stm32f10x_md.o(.text) referenced from startup_stm32f10x_md.o(RESET)
 <LI><a href="#[9]">SysTick_Handler</a> from startup_stm32f10x_md.o(.text) referenced from startup_stm32f10x_md.o(RESET)
 <LI><a href="#[35]">SystemInit</a> from system_stm32f10x.o(.text.SystemInit) referenced from startup_stm32f10x_md.o(.text)
 <LI><a href="#[c]">TAMPER_IRQHandler</a> from startup_stm32f10x_md.o(.text) referenced from startup_stm32f10x_md.o(RESET)
 <LI><a href="#[22]">TIM1_BRK_IRQHandler</a> from startup_stm32f10x_md.o(.text) referenced from startup_stm32f10x_md.o(RESET)
 <LI><a href="#[25]">TIM1_CC_IRQHandler</a> from startup_stm32f10x_md.o(.text) referenced from startup_stm32f10x_md.o(RESET)
 <LI><a href="#[24]">TIM1_TRG_COM_IRQHandler</a> from startup_stm32f10x_md.o(.text) referenced from startup_stm32f10x_md.o(RESET)
 <LI><a href="#[23]">TIM1_UP_IRQHandler</a> from startup_stm32f10x_md.o(.text) referenced from startup_stm32f10x_md.o(RESET)
 <LI><a href="#[26]">TIM2_IRQHandler</a> from startup_stm32f10x_md.o(.text) referenced from startup_stm32f10x_md.o(RESET)
 <LI><a href="#[27]">TIM3_IRQHandler</a> from startup_stm32f10x_md.o(.text) referenced from startup_stm32f10x_md.o(RESET)
 <LI><a href="#[28]">TIM4_IRQHandler</a> from startup_stm32f10x_md.o(.text) referenced from startup_stm32f10x_md.o(RESET)
 <LI><a href="#[2f]">USART1_IRQHandler</a> from startup_stm32f10x_md.o(.text) referenced from startup_stm32f10x_md.o(RESET)
 <LI><a href="#[30]">USART2_IRQHandler</a> from startup_stm32f10x_md.o(.text) referenced from startup_stm32f10x_md.o(RESET)
 <LI><a href="#[31]">USART3_IRQHandler</a> from startup_stm32f10x_md.o(.text) referenced from startup_stm32f10x_md.o(RESET)
 <LI><a href="#[34]">USBWakeUp_IRQHandler</a> from startup_stm32f10x_md.o(.text) referenced from startup_stm32f10x_md.o(RESET)
 <LI><a href="#[1d]">USB_HP_CAN1_TX_IRQHandler</a> from startup_stm32f10x_md.o(.text) referenced from startup_stm32f10x_md.o(RESET)
 <LI><a href="#[1e]">USB_LP_CAN1_RX0_IRQHandler</a> from startup_stm32f10x_md.o(.text) referenced from startup_stm32f10x_md.o(RESET)
 <LI><a href="#[5]">UsageFault_Handler</a> from startup_stm32f10x_md.o(.text) referenced from startup_stm32f10x_md.o(RESET)
 <LI><a href="#[a]">WWDG_IRQHandler</a> from startup_stm32f10x_md.o(.text) referenced from startup_stm32f10x_md.o(RESET)
 <LI><a href="#[36]">__main</a> from main.o(MYCODE) referenced from startup_stm32f10x_md.o(.text)
</UL>
<P>
<H3>
Global Symbols
</H3>
<P><STRONG><a name="[0]"></a>Reset_Handler</STRONG> (Thumb, 8 bytes, Stack size 0 bytes, startup_stm32f10x_md.o(.text))
<BR>[Address Reference Count : 1]<UL><LI> startup_stm32f10x_md.o(RESET)
</UL>
<P><STRONG><a name="[1]"></a>NMI_Handler</STRONG> (Thumb, 2 bytes, Stack size 0 bytes, startup_stm32f10x_md.o(.text))
<BR><BR>[Calls]<UL><LI><a href="#[1]">&gt;&gt;</a>&nbsp;&nbsp;&nbsp;NMI_Handler
</UL>
<BR>[Called By]<UL><LI><a href="#[1]">&gt;&gt;</a>&nbsp;&nbsp;&nbsp;NMI_Handler
</UL>
<BR>[Address Reference Count : 1]<UL><LI> startup_stm32f10x_md.o(RESET)
</UL>
<P><STRONG><a name="[2]"></a>HardFault_Handler</STRONG> (Thumb, 2 bytes, Stack size 0 bytes, startup_stm32f10x_md.o(.text))
<BR><BR>[Calls]<UL><LI><a href="#[2]">&gt;&gt;</a>&nbsp;&nbsp;&nbsp;HardFault_Handler
</UL>
<BR>[Called By]<UL><LI><a href="#[2]">&gt;&gt;</a>&nbsp;&nbsp;&nbsp;HardFault_Handler
</UL>
<BR>[Address Reference Count : 1]<UL><LI> startup_stm32f10x_md.o(RESET)
</UL>
<P><STRONG><a name="[3]"></a>MemManage_Handler</STRONG> (Thumb, 2 bytes, Stack size 0 bytes, startup_stm32f10x_md.o(.text))
<BR><BR>[Calls]<UL><LI><a href="#[3]">&gt;&gt;</a>&nbsp;&nbsp;&nbsp;MemManage_Handler
</UL>
<BR>[Called By]<UL><LI><a href="#[3]">&gt;&gt;</a>&nbsp;&nbsp;&nbsp;MemManage_Handler
</UL>
<BR>[Address Reference Count : 1]<UL><LI> startup_stm32f10x_md.o(RESET)
</UL>
<P><STRONG><a name="[4]"></a>BusFault_Handler</STRONG> (Thumb, 2 bytes, Stack size 0 bytes, startup_stm32f10x_md.o(.text))
<BR><BR>[Calls]<UL><LI><a href="#[4]">&gt;&gt;</a>&nbsp;&nbsp;&nbsp;BusFault_Handler
</UL>
<BR>[Called By]<UL><LI><a href="#[4]">&gt;&gt;</a>&nbsp;&nbsp;&nbsp;BusFault_Handler
</UL>
<BR>[Address Reference Count : 1]<UL><LI> startup_stm32f10x_md.o(RESET)
</UL>
<P><STRONG><a name="[5]"></a>UsageFault_Handler</STRONG> (Thumb, 2 bytes, Stack size 0 bytes, startup_stm32f10x_md.o(.text))
<BR><BR>[Calls]<UL><LI><a href="#[5]">&gt;&gt;</a>&nbsp;&nbsp;&nbsp;UsageFault_Handler
</UL>
<BR>[Called By]<UL><LI><a href="#[5]">&gt;&gt;</a>&nbsp;&nbsp;&nbsp;UsageFault_Handler
</UL>
<BR>[Address Reference Count : 1]<UL><LI> startup_stm32f10x_md.o(RESET)
</UL>
<P><STRONG><a name="[6]"></a>SVC_Handler</STRONG> (Thumb, 2 bytes, Stack size 0 bytes, startup_stm32f10x_md.o(.text))
<BR><BR>[Calls]<UL><LI><a href="#[6]">&gt;&gt;</a>&nbsp;&nbsp;&nbsp;SVC_Handler
</UL>
<BR>[Called By]<UL><LI><a href="#[6]">&gt;&gt;</a>&nbsp;&nbsp;&nbsp;SVC_Handler
</UL>
<BR>[Address Reference Count : 1]<UL><LI> startup_stm32f10x_md.o(RESET)
</UL>
<P><STRONG><a name="[7]"></a>DebugMon_Handler</STRONG> (Thumb, 2 bytes, Stack size 0 bytes, startup_stm32f10x_md.o(.text))
<BR><BR>[Calls]<UL><LI><a href="#[7]">&gt;&gt;</a>&nbsp;&nbsp;&nbsp;DebugMon_Handler
</UL>
<BR>[Called By]<UL><LI><a href="#[7]">&gt;&gt;</a>&nbsp;&nbsp;&nbsp;DebugMon_Handler
</UL>
<BR>[Address Reference Count : 1]<UL><LI> startup_stm32f10x_md.o(RESET)
</UL>
<P><STRONG><a name="[8]"></a>PendSV_Handler</STRONG> (Thumb, 2 bytes, Stack size 0 bytes, startup_stm32f10x_md.o(.text))
<BR><BR>[Calls]<UL><LI><a href="#[8]">&gt;&gt;</a>&nbsp;&nbsp;&nbsp;PendSV_Handler
</UL>
<BR>[Called By]<UL><LI><a href="#[8]">&gt;&gt;</a>&nbsp;&nbsp;&nbsp;PendSV_Handler
</UL>
<BR>[Address Reference Count : 1]<UL><LI> startup_stm32f10x_md.o(RESET)
</UL>
<P><STRONG><a name="[9]"></a>SysTick_Handler</STRONG> (Thumb, 2 bytes, Stack size 0 bytes, startup_stm32f10x_md.o(.text))
<BR><BR>[Calls]<UL><LI><a href="#[9]">&gt;&gt;</a>&nbsp;&nbsp;&nbsp;SysTick_Handler
</UL>
<BR>[Called By]<UL><LI><a href="#[9]">&gt;&gt;</a>&nbsp;&nbsp;&nbsp;SysTick_Handler
</UL>
<BR>[Address Reference Count : 1]<UL><LI> startup_stm32f10x_md.o(RESET)
</UL>
<P><STRONG><a name="[1c]"></a>ADC1_2_IRQHandler</STRONG> (Thumb, 0 bytes, Stack size 0 bytes, startup_stm32f10x_md.o(.text))
<BR>[Address Reference Count : 1]<UL><LI> startup_stm32f10x_md.o(RESET)
</UL>
<P><STRONG><a name="[1f]"></a>CAN1_RX1_IRQHandler</STRONG> (Thumb, 0 bytes, Stack size 0 bytes, startup_stm32f10x_md.o(.text))
<BR>[Address Reference Count : 1]<UL><LI> startup_stm32f10x_md.o(RESET)
</UL>
<P><STRONG><a name="[20]"></a>CAN1_SCE_IRQHandler</STRONG> (Thumb, 0 bytes, Stack size 0 bytes, startup_stm32f10x_md.o(.text))
<BR>[Address Reference Count : 1]<UL><LI> startup_stm32f10x_md.o(RESET)
</UL>
<P><STRONG><a name="[15]"></a>DMA1_Channel1_IRQHandler</STRONG> (Thumb, 0 bytes, Stack size 0 bytes, startup_stm32f10x_md.o(.text))
<BR>[Address Reference Count : 1]<UL><LI> startup_stm32f10x_md.o(RESET)
</UL>
<P><STRONG><a name="[16]"></a>DMA1_Channel2_IRQHandler</STRONG> (Thumb, 0 bytes, Stack size 0 bytes, startup_stm32f10x_md.o(.text))
<BR>[Address Reference Count : 1]<UL><LI> startup_stm32f10x_md.o(RESET)
</UL>
<P><STRONG><a name="[17]"></a>DMA1_Channel3_IRQHandler</STRONG> (Thumb, 0 bytes, Stack size 0 bytes, startup_stm32f10x_md.o(.text))
<BR>[Address Reference Count : 1]<UL><LI> startup_stm32f10x_md.o(RESET)
</UL>
<P><STRONG><a name="[18]"></a>DMA1_Channel4_IRQHandler</STRONG> (Thumb, 0 bytes, Stack size 0 bytes, startup_stm32f10x_md.o(.text))
<BR>[Address Reference Count : 1]<UL><LI> startup_stm32f10x_md.o(RESET)
</UL>
<P><STRONG><a name="[19]"></a>DMA1_Channel5_IRQHandler</STRONG> (Thumb, 0 bytes, Stack size 0 bytes, startup_stm32f10x_md.o(.text))
<BR>[Address Reference Count : 1]<UL><LI> startup_stm32f10x_md.o(RESET)
</UL>
<P><STRONG><a name="[1a]"></a>DMA1_Channel6_IRQHandler</STRONG> (Thumb, 0 bytes, Stack size 0 bytes, startup_stm32f10x_md.o(.text))
<BR>[Address Reference Count : 1]<UL><LI> startup_stm32f10x_md.o(RESET)
</UL>
<P><STRONG><a name="[1b]"></a>DMA1_Channel7_IRQHandler</STRONG> (Thumb, 0 bytes, Stack size 0 bytes, startup_stm32f10x_md.o(.text))
<BR>[Address Reference Count : 1]<UL><LI> startup_stm32f10x_md.o(RESET)
</UL>
<P><STRONG><a name="[10]"></a>EXTI0_IRQHandler</STRONG> (Thumb, 0 bytes, Stack size 0 bytes, startup_stm32f10x_md.o(.text))
<BR>[Address Reference Count : 1]<UL><LI> startup_stm32f10x_md.o(RESET)
</UL>
<P><STRONG><a name="[11]"></a>EXTI1_IRQHandler</STRONG> (Thumb, 0 bytes, Stack size 0 bytes, startup_stm32f10x_md.o(.text))
<BR>[Address Reference Count : 1]<UL><LI> startup_stm32f10x_md.o(RESET)
</UL>
<P><STRONG><a name="[12]"></a>EXTI2_IRQHandler</STRONG> (Thumb, 0 bytes, Stack size 0 bytes, startup_stm32f10x_md.o(.text))
<BR>[Address Reference Count : 1]<UL><LI> startup_stm32f10x_md.o(RESET)
</UL>
<P><STRONG><a name="[13]"></a>EXTI3_IRQHandler</STRONG> (Thumb, 0 bytes, Stack size 0 bytes, startup_stm32f10x_md.o(.text))
<BR>[Address Reference Count : 1]<UL><LI> startup_stm32f10x_md.o(RESET)
</UL>
<P><STRONG><a name="[14]"></a>EXTI4_IRQHandler</STRONG> (Thumb, 0 bytes, Stack size 0 bytes, startup_stm32f10x_md.o(.text))
<BR>[Address Reference Count : 1]<UL><LI> startup_stm32f10x_md.o(RESET)
</UL>
<P><STRONG><a name="[21]"></a>EXTI9_5_IRQHandler</STRONG> (Thumb, 0 bytes, Stack size 0 bytes, startup_stm32f10x_md.o(.text))
<BR>[Address Reference Count : 1]<UL><LI> startup_stm32f10x_md.o(RESET)
</UL>
<P><STRONG><a name="[e]"></a>FLASH_IRQHandler</STRONG> (Thumb, 0 bytes, Stack size 0 bytes, startup_stm32f10x_md.o(.text))
<BR>[Address Reference Count : 1]<UL><LI> startup_stm32f10x_md.o(RESET)
</UL>
<P><STRONG><a name="[b]"></a>PVD_IRQHandler</STRONG> (Thumb, 0 bytes, Stack size 0 bytes, startup_stm32f10x_md.o(.text))
<BR>[Address Reference Count : 1]<UL><LI> startup_stm32f10x_md.o(RESET)
</UL>
<P><STRONG><a name="[f]"></a>RCC_IRQHandler</STRONG> (Thumb, 0 bytes, Stack size 0 bytes, startup_stm32f10x_md.o(.text))
<BR>[Address Reference Count : 1]<UL><LI> startup_stm32f10x_md.o(RESET)
</UL>
<P><STRONG><a name="[d]"></a>RTC_IRQHandler</STRONG> (Thumb, 0 bytes, Stack size 0 bytes, startup_stm32f10x_md.o(.text))
<BR>[Address Reference Count : 1]<UL><LI> startup_stm32f10x_md.o(RESET)
</UL>
<P><STRONG><a name="[c]"></a>TAMPER_IRQHandler</STRONG> (Thumb, 0 bytes, Stack size 0 bytes, startup_stm32f10x_md.o(.text))
<BR>[Address Reference Count : 1]<UL><LI> startup_stm32f10x_md.o(RESET)
</UL>
<P><STRONG><a name="[22]"></a>TIM1_BRK_IRQHandler</STRONG> (Thumb, 0 bytes, Stack size 0 bytes, startup_stm32f10x_md.o(.text))
<BR>[Address Reference Count : 1]<UL><LI> startup_stm32f10x_md.o(RESET)
</UL>
<P><STRONG><a name="[25]"></a>TIM1_CC_IRQHandler</STRONG> (Thumb, 0 bytes, Stack size 0 bytes, startup_stm32f10x_md.o(.text))
<BR>[Address Reference Count : 1]<UL><LI> startup_stm32f10x_md.o(RESET)
</UL>
<P><STRONG><a name="[24]"></a>TIM1_TRG_COM_IRQHandler</STRONG> (Thumb, 0 bytes, Stack size 0 bytes, startup_stm32f10x_md.o(.text))
<BR>[Address Reference Count : 1]<UL><LI> startup_stm32f10x_md.o(RESET)
</UL>
<P><STRONG><a name="[23]"></a>TIM1_UP_IRQHandler</STRONG> (Thumb, 0 bytes, Stack size 0 bytes, startup_stm32f10x_md.o(.text))
<BR>[Address Reference Count : 1]<UL><LI> startup_stm32f10x_md.o(RESET)
</UL>
<P><STRONG><a name="[26]"></a>TIM2_IRQHandler</STRONG> (Thumb, 0 bytes, Stack size 0 bytes, startup_stm32f10x_md.o(.text))
<BR>[Address Reference Count : 1]<UL><LI> startup_stm32f10x_md.o(RESET)
</UL>
<P><STRONG><a name="[1d]"></a>USB_HP_CAN1_TX_IRQHandler</STRONG> (Thumb, 0 bytes, Stack size 0 bytes, startup_stm32f10x_md.o(.text))
<BR>[Address Reference Count : 1]<UL><LI> startup_stm32f10x_md.o(RESET)
</UL>
<P><STRONG><a name="[1e]"></a>USB_LP_CAN1_RX0_IRQHandler</STRONG> (Thumb, 0 bytes, Stack size 0 bytes, startup_stm32f10x_md.o(.text))
<BR>[Address Reference Count : 1]<UL><LI> startup_stm32f10x_md.o(RESET)
</UL>
<P><STRONG><a name="[a]"></a>WWDG_IRQHandler</STRONG> (Thumb, 0 bytes, Stack size 0 bytes, startup_stm32f10x_md.o(.text))
<BR>[Address Reference Count : 1]<UL><LI> startup_stm32f10x_md.o(RESET)
</UL>
<P><STRONG><a name="[32]"></a>EXTI15_10_IRQHandler</STRONG> (Thumb, 0 bytes, Stack size unknown bytes, startup_stm32f10x_md.o(.text))
<BR>[Address Reference Count : 1]<UL><LI> startup_stm32f10x_md.o(RESET)
</UL>
<P><STRONG><a name="[2a]"></a>I2C1_ER_IRQHandler</STRONG> (Thumb, 0 bytes, Stack size unknown bytes, startup_stm32f10x_md.o(.text))
<BR>[Address Reference Count : 1]<UL><LI> startup_stm32f10x_md.o(RESET)
</UL>
<P><STRONG><a name="[29]"></a>I2C1_EV_IRQHandler</STRONG> (Thumb, 0 bytes, Stack size unknown bytes, startup_stm32f10x_md.o(.text))
<BR>[Address Reference Count : 1]<UL><LI> startup_stm32f10x_md.o(RESET)
</UL>
<P><STRONG><a name="[2c]"></a>I2C2_ER_IRQHandler</STRONG> (Thumb, 0 bytes, Stack size unknown bytes, startup_stm32f10x_md.o(.text))
<BR>[Address Reference Count : 1]<UL><LI> startup_stm32f10x_md.o(RESET)
</UL>
<P><STRONG><a name="[2b]"></a>I2C2_EV_IRQHandler</STRONG> (Thumb, 0 bytes, Stack size unknown bytes, startup_stm32f10x_md.o(.text))
<BR>[Address Reference Count : 1]<UL><LI> startup_stm32f10x_md.o(RESET)
</UL>
<P><STRONG><a name="[2d]"></a>SPI1_IRQHandler</STRONG> (Thumb, 0 bytes, Stack size unknown bytes, startup_stm32f10x_md.o(.text))
<BR>[Address Reference Count : 1]<UL><LI> startup_stm32f10x_md.o(RESET)
</UL>
<P><STRONG><a name="[2e]"></a>SPI2_IRQHandler</STRONG> (Thumb, 0 bytes, Stack size unknown bytes, startup_stm32f10x_md.o(.text))
<BR>[Address Reference Count : 1]<UL><LI> startup_stm32f10x_md.o(RESET)
</UL>
<P><STRONG><a name="[27]"></a>TIM3_IRQHandler</STRONG> (Thumb, 0 bytes, Stack size unknown bytes, startup_stm32f10x_md.o(.text))
<BR>[Address Reference Count : 1]<UL><LI> startup_stm32f10x_md.o(RESET)
</UL>
<P><STRONG><a name="[28]"></a>TIM4_IRQHandler</STRONG> (Thumb, 0 bytes, Stack size unknown bytes, startup_stm32f10x_md.o(.text))
<BR>[Address Reference Count : 1]<UL><LI> startup_stm32f10x_md.o(RESET)
</UL>
<P><STRONG><a name="[2f]"></a>USART1_IRQHandler</STRONG> (Thumb, 0 bytes, Stack size unknown bytes, startup_stm32f10x_md.o(.text))
<BR>[Address Reference Count : 1]<UL><LI> startup_stm32f10x_md.o(RESET)
</UL>
<P><STRONG><a name="[30]"></a>USART2_IRQHandler</STRONG> (Thumb, 0 bytes, Stack size unknown bytes, startup_stm32f10x_md.o(.text))
<BR>[Address Reference Count : 1]<UL><LI> startup_stm32f10x_md.o(RESET)
</UL>
<P><STRONG><a name="[31]"></a>USART3_IRQHandler</STRONG> (Thumb, 0 bytes, Stack size unknown bytes, startup_stm32f10x_md.o(.text))
<BR>[Address Reference Count : 1]<UL><LI> startup_stm32f10x_md.o(RESET)
</UL>
<P><STRONG><a name="[33]"></a>RTCAlarm_IRQHandler</STRONG> (Thumb, 0 bytes, Stack size unknown bytes, startup_stm32f10x_md.o(.text))
<BR><BR>[Calls]<UL><LI><a href="#[33]">&gt;&gt;</a>&nbsp;&nbsp;&nbsp;RTCAlarm_IRQHandler
</UL>
<BR>[Called By]<UL><LI><a href="#[33]">&gt;&gt;</a>&nbsp;&nbsp;&nbsp;RTCAlarm_IRQHandler
</UL>
<BR>[Address Reference Count : 1]<UL><LI> startup_stm32f10x_md.o(RESET)
</UL>
<P><STRONG><a name="[34]"></a>USBWakeUp_IRQHandler</STRONG> (Thumb, 0 bytes, Stack size unknown bytes, startup_stm32f10x_md.o(.text))
<BR>[Address Reference Count : 1]<UL><LI> startup_stm32f10x_md.o(RESET)
</UL>
<P><STRONG><a name="[37]"></a>__user_initial_stackheap</STRONG> (Thumb, 0 bytes, Stack size unknown bytes, startup_stm32f10x_md.o(.text), UNUSED, KEPT)

<P><STRONG><a name="[7d]"></a>__use_two_region_memory</STRONG> (Thumb, 2 bytes, Stack size 0 bytes, heapauxi.o(.text), UNUSED)

<P><STRONG><a name="[7e]"></a>__rt_heap_escrow$2region</STRONG> (Thumb, 2 bytes, Stack size 0 bytes, heapauxi.o(.text), UNUSED)

<P><STRONG><a name="[7f]"></a>__rt_heap_expand$2region</STRONG> (Thumb, 2 bytes, Stack size 0 bytes, heapauxi.o(.text), UNUSED)

<P><STRONG><a name="[35]"></a>SystemInit</STRONG> (Thumb, 102 bytes, Stack size 8 bytes, system_stm32f10x.o(.text.SystemInit))
<BR><BR>[Stack]<UL><LI>Max Depth = 32<LI>Call Chain = SystemInit &rArr; SetSysClock &rArr; SetSysClockTo72
</UL>
<BR>[Calls]<UL><LI><a href="#[38]">&gt;&gt;</a>&nbsp;&nbsp;&nbsp;SetSysClock
</UL>
<BR>[Address Reference Count : 1]<UL><LI> startup_stm32f10x_md.o(.text)
</UL>
<P><STRONG><a name="[36]"></a>__main</STRONG> (Thumb, 98 bytes, Stack size 0 bytes, main.o(MYCODE))
<BR><BR>[Calls]<UL><LI><a href="#[3f]">&gt;&gt;</a>&nbsp;&nbsp;&nbsp;TIM2_INIT
<LI><a href="#[3c]">&gt;&gt;</a>&nbsp;&nbsp;&nbsp;RTC_INIT
<LI><a href="#[3b]">&gt;&gt;</a>&nbsp;&nbsp;&nbsp;GPIO_ENABLE_PORT_B
<LI><a href="#[3a]">&gt;&gt;</a>&nbsp;&nbsp;&nbsp;SETUP
<LI><a href="#[41]">&gt;&gt;</a>&nbsp;&nbsp;&nbsp;THEME2_TEXTILE
<LI><a href="#[3e]">&gt;&gt;</a>&nbsp;&nbsp;&nbsp;THEME2_BACKGROUND
<LI><a href="#[40]">&gt;&gt;</a>&nbsp;&nbsp;&nbsp;THEME1_TEXTILE
<LI><a href="#[3d]">&gt;&gt;</a>&nbsp;&nbsp;&nbsp;THEME1_BACKGROUND
</UL>
<BR>[Address Reference Count : 1]<UL><LI> startup_stm32f10x_md.o(.text)
</UL><P>
<H3>
Local Symbols
</H3>
<P><STRONG><a name="[42]"></a>DRAW_DET1</STRONG> (Thumb, 130 bytes, Stack size 0 bytes, main.o(MYCODE))
<BR><BR>[Calls]<UL><LI><a href="#[45]">&gt;&gt;</a>&nbsp;&nbsp;&nbsp;DRAW_DOT
<LI><a href="#[44]">&gt;&gt;</a>&nbsp;&nbsp;&nbsp;DRAWSEC_BCD
<LI><a href="#[43]">&gt;&gt;</a>&nbsp;&nbsp;&nbsp;TIME_POSITION
</UL>
<BR>[Called By]<UL><LI><a href="#[40]">&gt;&gt;</a>&nbsp;&nbsp;&nbsp;THEME1_TEXTILE
</UL>

<P><STRONG><a name="[46]"></a>DRAW_DET2</STRONG> (Thumb, 130 bytes, Stack size 0 bytes, main.o(MYCODE))
<BR><BR>[Calls]<UL><LI><a href="#[45]">&gt;&gt;</a>&nbsp;&nbsp;&nbsp;DRAW_DOT
<LI><a href="#[44]">&gt;&gt;</a>&nbsp;&nbsp;&nbsp;DRAWSEC_BCD
<LI><a href="#[43]">&gt;&gt;</a>&nbsp;&nbsp;&nbsp;TIME_POSITION
</UL>
<BR>[Called By]<UL><LI><a href="#[41]">&gt;&gt;</a>&nbsp;&nbsp;&nbsp;THEME2_TEXTILE
</UL>

<P><STRONG><a name="[48]"></a>LCD_WRITE</STRONG> (Thumb, 38 bytes, Stack size 0 bytes, main.o(MYCODE))
<BR><BR>[Called By]<UL><LI><a href="#[49]">&gt;&gt;</a>&nbsp;&nbsp;&nbsp;LCD_DATA_WRITE
<LI><a href="#[47]">&gt;&gt;</a>&nbsp;&nbsp;&nbsp;LCD_COMMAND_WRITE
</UL>

<P><STRONG><a name="[47]"></a>LCD_COMMAND_WRITE</STRONG> (Thumb, 28 bytes, Stack size 0 bytes, main.o(MYCODE))
<BR><BR>[Calls]<UL><LI><a href="#[48]">&gt;&gt;</a>&nbsp;&nbsp;&nbsp;LCD_WRITE
</UL>
<BR>[Called By]<UL><LI><a href="#[4b]">&gt;&gt;</a>&nbsp;&nbsp;&nbsp;ADDRESS_SET
<LI><a href="#[4a]">&gt;&gt;</a>&nbsp;&nbsp;&nbsp;LCD_INIT
</UL>

<P><STRONG><a name="[49]"></a>LCD_DATA_WRITE</STRONG> (Thumb, 28 bytes, Stack size 0 bytes, main.o(MYCODE))
<BR><BR>[Calls]<UL><LI><a href="#[48]">&gt;&gt;</a>&nbsp;&nbsp;&nbsp;LCD_WRITE
</UL>
<BR>[Called By]<UL><LI><a href="#[4b]">&gt;&gt;</a>&nbsp;&nbsp;&nbsp;ADDRESS_SET
<LI><a href="#[4a]">&gt;&gt;</a>&nbsp;&nbsp;&nbsp;LCD_INIT
</UL>

<P><STRONG><a name="[4a]"></a>LCD_INIT</STRONG> (Thumb, 202 bytes, Stack size 0 bytes, main.o(MYCODE))
<BR><BR>[Calls]<UL><LI><a href="#[49]">&gt;&gt;</a>&nbsp;&nbsp;&nbsp;LCD_DATA_WRITE
<LI><a href="#[47]">&gt;&gt;</a>&nbsp;&nbsp;&nbsp;LCD_COMMAND_WRITE
</UL>
<BR>[Called By]<UL><LI><a href="#[3a]">&gt;&gt;</a>&nbsp;&nbsp;&nbsp;SETUP
</UL>

<P><STRONG><a name="[4b]"></a>ADDRESS_SET</STRONG> (Thumb, 92 bytes, Stack size 0 bytes, main.o(MYCODE), UNUSED)
<BR><BR>[Calls]<UL><LI><a href="#[4b]">&gt;&gt;</a>&nbsp;&nbsp;&nbsp;ADDRESS_SET
<LI><a href="#[49]">&gt;&gt;</a>&nbsp;&nbsp;&nbsp;LCD_DATA_WRITE
<LI><a href="#[47]">&gt;&gt;</a>&nbsp;&nbsp;&nbsp;LCD_COMMAND_WRITE
</UL>
<BR>[Called By]<UL><LI><a href="#[4b]">&gt;&gt;</a>&nbsp;&nbsp;&nbsp;ADDRESS_SET
</UL>

<P><STRONG><a name="[43]"></a>TIME_POSITION</STRONG> (Thumb, 308 bytes, Stack size 0 bytes, main.o(MYCODE))
<BR><BR>[Called By]<UL><LI><a href="#[55]">&gt;&gt;</a>&nbsp;&nbsp;&nbsp;DRAWSTOP2
<LI><a href="#[54]">&gt;&gt;</a>&nbsp;&nbsp;&nbsp;BLACKOUT2
<LI><a href="#[50]">&gt;&gt;</a>&nbsp;&nbsp;&nbsp;BLACKOUT
<LI><a href="#[41]">&gt;&gt;</a>&nbsp;&nbsp;&nbsp;THEME2_TEXTILE
<LI><a href="#[40]">&gt;&gt;</a>&nbsp;&nbsp;&nbsp;THEME1_TEXTILE
<LI><a href="#[46]">&gt;&gt;</a>&nbsp;&nbsp;&nbsp;DRAW_DET2
<LI><a href="#[42]">&gt;&gt;</a>&nbsp;&nbsp;&nbsp;DRAW_DET1
</UL>

<P><STRONG><a name="[3d]"></a>THEME1_BACKGROUND</STRONG> (Thumb, 84 bytes, Stack size 0 bytes, main.o(MYCODE))
<BR><BR>[Calls]<UL><LI><a href="#[4c]">&gt;&gt;</a>&nbsp;&nbsp;&nbsp;DRAW_SUBMISSION_DATE
</UL>
<BR>[Called By]<UL><LI><a href="#[36]">&gt;&gt;</a>&nbsp;&nbsp;&nbsp;__main
</UL>

<P><STRONG><a name="[40]"></a>THEME1_TEXTILE</STRONG> (Thumb, 694 bytes, Stack size 0 bytes, main.o(MYCODE))
<BR><BR>[Calls]<UL><LI><a href="#[4d]">&gt;&gt;</a>&nbsp;&nbsp;&nbsp;GetTimeFromRTC
<LI><a href="#[51]">&gt;&gt;</a>&nbsp;&nbsp;&nbsp;DRAW_BIMO1_BLACKOUT
<LI><a href="#[4e]">&gt;&gt;</a>&nbsp;&nbsp;&nbsp;DRAW_BIMO1
<LI><a href="#[44]">&gt;&gt;</a>&nbsp;&nbsp;&nbsp;DRAWSEC_BCD
<LI><a href="#[4f]">&gt;&gt;</a>&nbsp;&nbsp;&nbsp;DRAW_BCD
<LI><a href="#[50]">&gt;&gt;</a>&nbsp;&nbsp;&nbsp;BLACKOUT
<LI><a href="#[43]">&gt;&gt;</a>&nbsp;&nbsp;&nbsp;TIME_POSITION
<LI><a href="#[42]">&gt;&gt;</a>&nbsp;&nbsp;&nbsp;DRAW_DET1
</UL>
<BR>[Called By]<UL><LI><a href="#[36]">&gt;&gt;</a>&nbsp;&nbsp;&nbsp;__main
</UL>

<P><STRONG><a name="[3e]"></a>THEME2_BACKGROUND</STRONG> (Thumb, 84 bytes, Stack size 0 bytes, main.o(MYCODE))
<BR><BR>[Calls]<UL><LI><a href="#[52]">&gt;&gt;</a>&nbsp;&nbsp;&nbsp;DRAW_SUBMISSION_DATE2
</UL>
<BR>[Called By]<UL><LI><a href="#[36]">&gt;&gt;</a>&nbsp;&nbsp;&nbsp;__main
</UL>

<P><STRONG><a name="[41]"></a>THEME2_TEXTILE</STRONG> (Thumb, 698 bytes, Stack size 0 bytes, main.o(MYCODE))
<BR><BR>[Calls]<UL><LI><a href="#[55]">&gt;&gt;</a>&nbsp;&nbsp;&nbsp;DRAWSTOP2
<LI><a href="#[4d]">&gt;&gt;</a>&nbsp;&nbsp;&nbsp;GetTimeFromRTC
<LI><a href="#[53]">&gt;&gt;</a>&nbsp;&nbsp;&nbsp;DRAW_BIMO2
<LI><a href="#[44]">&gt;&gt;</a>&nbsp;&nbsp;&nbsp;DRAWSEC_BCD
<LI><a href="#[4f]">&gt;&gt;</a>&nbsp;&nbsp;&nbsp;DRAW_BCD
<LI><a href="#[54]">&gt;&gt;</a>&nbsp;&nbsp;&nbsp;BLACKOUT2
<LI><a href="#[43]">&gt;&gt;</a>&nbsp;&nbsp;&nbsp;TIME_POSITION
<LI><a href="#[46]">&gt;&gt;</a>&nbsp;&nbsp;&nbsp;DRAW_DET2
</UL>
<BR>[Called By]<UL><LI><a href="#[36]">&gt;&gt;</a>&nbsp;&nbsp;&nbsp;__main
</UL>

<P><STRONG><a name="[65]"></a>SEGMENT_A</STRONG> (Thumb, 24 bytes, Stack size 0 bytes, main.o(MYCODE))
<BR><BR>[Called By]<UL><LI><a href="#[60]">&gt;&gt;</a>&nbsp;&nbsp;&nbsp;DRAW_9
<LI><a href="#[5f]">&gt;&gt;</a>&nbsp;&nbsp;&nbsp;DRAW_8
<LI><a href="#[5e]">&gt;&gt;</a>&nbsp;&nbsp;&nbsp;DRAW_7
<LI><a href="#[5d]">&gt;&gt;</a>&nbsp;&nbsp;&nbsp;DRAW_6
<LI><a href="#[5c]">&gt;&gt;</a>&nbsp;&nbsp;&nbsp;DRAW_5
<LI><a href="#[5a]">&gt;&gt;</a>&nbsp;&nbsp;&nbsp;DRAW_3
<LI><a href="#[59]">&gt;&gt;</a>&nbsp;&nbsp;&nbsp;DRAW_2
<LI><a href="#[57]">&gt;&gt;</a>&nbsp;&nbsp;&nbsp;DRAW_0
</UL>

<P><STRONG><a name="[63]"></a>SEGMENT_B</STRONG> (Thumb, 24 bytes, Stack size 0 bytes, main.o(MYCODE))
<BR><BR>[Called By]<UL><LI><a href="#[60]">&gt;&gt;</a>&nbsp;&nbsp;&nbsp;DRAW_9
<LI><a href="#[5f]">&gt;&gt;</a>&nbsp;&nbsp;&nbsp;DRAW_8
<LI><a href="#[5d]">&gt;&gt;</a>&nbsp;&nbsp;&nbsp;DRAW_6
<LI><a href="#[5c]">&gt;&gt;</a>&nbsp;&nbsp;&nbsp;DRAW_5
<LI><a href="#[5b]">&gt;&gt;</a>&nbsp;&nbsp;&nbsp;DRAW_4
<LI><a href="#[57]">&gt;&gt;</a>&nbsp;&nbsp;&nbsp;DRAW_0
</UL>

<P><STRONG><a name="[61]"></a>SEGMENT_C</STRONG> (Thumb, 28 bytes, Stack size 0 bytes, main.o(MYCODE))
<BR><BR>[Called By]<UL><LI><a href="#[60]">&gt;&gt;</a>&nbsp;&nbsp;&nbsp;DRAW_9
<LI><a href="#[5f]">&gt;&gt;</a>&nbsp;&nbsp;&nbsp;DRAW_8
<LI><a href="#[5e]">&gt;&gt;</a>&nbsp;&nbsp;&nbsp;DRAW_7
<LI><a href="#[5b]">&gt;&gt;</a>&nbsp;&nbsp;&nbsp;DRAW_4
<LI><a href="#[5a]">&gt;&gt;</a>&nbsp;&nbsp;&nbsp;DRAW_3
<LI><a href="#[59]">&gt;&gt;</a>&nbsp;&nbsp;&nbsp;DRAW_2
<LI><a href="#[58]">&gt;&gt;</a>&nbsp;&nbsp;&nbsp;DRAW_1
<LI><a href="#[57]">&gt;&gt;</a>&nbsp;&nbsp;&nbsp;DRAW_0
</UL>

<P><STRONG><a name="[67]"></a>SEGMENT_D</STRONG> (Thumb, 24 bytes, Stack size 0 bytes, main.o(MYCODE))
<BR><BR>[Called By]<UL><LI><a href="#[60]">&gt;&gt;</a>&nbsp;&nbsp;&nbsp;DRAW_9
<LI><a href="#[5f]">&gt;&gt;</a>&nbsp;&nbsp;&nbsp;DRAW_8
<LI><a href="#[5e]">&gt;&gt;</a>&nbsp;&nbsp;&nbsp;DRAW_7
<LI><a href="#[5d]">&gt;&gt;</a>&nbsp;&nbsp;&nbsp;DRAW_6
<LI><a href="#[5c]">&gt;&gt;</a>&nbsp;&nbsp;&nbsp;DRAW_5
<LI><a href="#[5b]">&gt;&gt;</a>&nbsp;&nbsp;&nbsp;DRAW_4
<LI><a href="#[5a]">&gt;&gt;</a>&nbsp;&nbsp;&nbsp;DRAW_3
<LI><a href="#[59]">&gt;&gt;</a>&nbsp;&nbsp;&nbsp;DRAW_2
</UL>

<P><STRONG><a name="[62]"></a>SEGMENT_E</STRONG> (Thumb, 24 bytes, Stack size 0 bytes, main.o(MYCODE))
<BR><BR>[Called By]<UL><LI><a href="#[5f]">&gt;&gt;</a>&nbsp;&nbsp;&nbsp;DRAW_8
<LI><a href="#[5d]">&gt;&gt;</a>&nbsp;&nbsp;&nbsp;DRAW_6
<LI><a href="#[59]">&gt;&gt;</a>&nbsp;&nbsp;&nbsp;DRAW_2
<LI><a href="#[57]">&gt;&gt;</a>&nbsp;&nbsp;&nbsp;DRAW_0
</UL>

<P><STRONG><a name="[64]"></a>SEGMENT_F</STRONG> (Thumb, 24 bytes, Stack size 0 bytes, main.o(MYCODE))
<BR><BR>[Called By]<UL><LI><a href="#[60]">&gt;&gt;</a>&nbsp;&nbsp;&nbsp;DRAW_9
<LI><a href="#[5f]">&gt;&gt;</a>&nbsp;&nbsp;&nbsp;DRAW_8
<LI><a href="#[5e]">&gt;&gt;</a>&nbsp;&nbsp;&nbsp;DRAW_7
<LI><a href="#[5d]">&gt;&gt;</a>&nbsp;&nbsp;&nbsp;DRAW_6
<LI><a href="#[5c]">&gt;&gt;</a>&nbsp;&nbsp;&nbsp;DRAW_5
<LI><a href="#[5b]">&gt;&gt;</a>&nbsp;&nbsp;&nbsp;DRAW_4
<LI><a href="#[5a]">&gt;&gt;</a>&nbsp;&nbsp;&nbsp;DRAW_3
<LI><a href="#[58]">&gt;&gt;</a>&nbsp;&nbsp;&nbsp;DRAW_1
<LI><a href="#[57]">&gt;&gt;</a>&nbsp;&nbsp;&nbsp;DRAW_0
</UL>

<P><STRONG><a name="[66]"></a>SEGMENT_G</STRONG> (Thumb, 20 bytes, Stack size 0 bytes, main.o(MYCODE))
<BR><BR>[Called By]<UL><LI><a href="#[60]">&gt;&gt;</a>&nbsp;&nbsp;&nbsp;DRAW_9
<LI><a href="#[5f]">&gt;&gt;</a>&nbsp;&nbsp;&nbsp;DRAW_8
<LI><a href="#[5d]">&gt;&gt;</a>&nbsp;&nbsp;&nbsp;DRAW_6
<LI><a href="#[5c]">&gt;&gt;</a>&nbsp;&nbsp;&nbsp;DRAW_5
<LI><a href="#[5a]">&gt;&gt;</a>&nbsp;&nbsp;&nbsp;DRAW_3
<LI><a href="#[59]">&gt;&gt;</a>&nbsp;&nbsp;&nbsp;DRAW_2
<LI><a href="#[57]">&gt;&gt;</a>&nbsp;&nbsp;&nbsp;DRAW_0
</UL>

<P><STRONG><a name="[50]"></a>BLACKOUT</STRONG> (Thumb, 228 bytes, Stack size 0 bytes, main.o(MYCODE))
<BR><BR>[Calls]<UL><LI><a href="#[44]">&gt;&gt;</a>&nbsp;&nbsp;&nbsp;DRAWSEC_BCD
<LI><a href="#[4f]">&gt;&gt;</a>&nbsp;&nbsp;&nbsp;DRAW_BCD
<LI><a href="#[43]">&gt;&gt;</a>&nbsp;&nbsp;&nbsp;TIME_POSITION
</UL>
<BR>[Called By]<UL><LI><a href="#[40]">&gt;&gt;</a>&nbsp;&nbsp;&nbsp;THEME1_TEXTILE
</UL>

<P><STRONG><a name="[54]"></a>BLACKOUT2</STRONG> (Thumb, 232 bytes, Stack size 0 bytes, main.o(MYCODE))
<BR><BR>[Calls]<UL><LI><a href="#[56]">&gt;&gt;</a>&nbsp;&nbsp;&nbsp;DRAW_BIMO2_BLACKOUT
<LI><a href="#[44]">&gt;&gt;</a>&nbsp;&nbsp;&nbsp;DRAWSEC_BCD
<LI><a href="#[4f]">&gt;&gt;</a>&nbsp;&nbsp;&nbsp;DRAW_BCD
<LI><a href="#[43]">&gt;&gt;</a>&nbsp;&nbsp;&nbsp;TIME_POSITION
</UL>
<BR>[Called By]<UL><LI><a href="#[41]">&gt;&gt;</a>&nbsp;&nbsp;&nbsp;THEME2_TEXTILE
</UL>

<P><STRONG><a name="[7a]"></a>SEGMENT_ASEC</STRONG> (Thumb, 24 bytes, Stack size 0 bytes, main.o(MYCODE))
<BR><BR>[Called By]<UL><LI><a href="#[75]">&gt;&gt;</a>&nbsp;&nbsp;&nbsp;DRAW_F
<LI><a href="#[73]">&gt;&gt;</a>&nbsp;&nbsp;&nbsp;DRAW_E
<LI><a href="#[72]">&gt;&gt;</a>&nbsp;&nbsp;&nbsp;DRAW_D
<LI><a href="#[71]">&gt;&gt;</a>&nbsp;&nbsp;&nbsp;DRAW_9SEC
<LI><a href="#[70]">&gt;&gt;</a>&nbsp;&nbsp;&nbsp;DRAW_8SEC
<LI><a href="#[6f]">&gt;&gt;</a>&nbsp;&nbsp;&nbsp;DRAW_7SEC
<LI><a href="#[6e]">&gt;&gt;</a>&nbsp;&nbsp;&nbsp;DRAW_6SEC
<LI><a href="#[6d]">&gt;&gt;</a>&nbsp;&nbsp;&nbsp;DRAW_5SEC
<LI><a href="#[6b]">&gt;&gt;</a>&nbsp;&nbsp;&nbsp;DRAW_3SEC
<LI><a href="#[6a]">&gt;&gt;</a>&nbsp;&nbsp;&nbsp;DRAW_2SEC
<LI><a href="#[68]">&gt;&gt;</a>&nbsp;&nbsp;&nbsp;DRAW_0SEC
</UL>

<P><STRONG><a name="[78]"></a>SEGMENT_BSEC</STRONG> (Thumb, 24 bytes, Stack size 0 bytes, main.o(MYCODE))
<BR><BR>[Called By]<UL><LI><a href="#[75]">&gt;&gt;</a>&nbsp;&nbsp;&nbsp;DRAW_F
<LI><a href="#[74]">&gt;&gt;</a>&nbsp;&nbsp;&nbsp;DRAW_T
<LI><a href="#[73]">&gt;&gt;</a>&nbsp;&nbsp;&nbsp;DRAW_E
<LI><a href="#[72]">&gt;&gt;</a>&nbsp;&nbsp;&nbsp;DRAW_D
<LI><a href="#[71]">&gt;&gt;</a>&nbsp;&nbsp;&nbsp;DRAW_9SEC
<LI><a href="#[70]">&gt;&gt;</a>&nbsp;&nbsp;&nbsp;DRAW_8SEC
<LI><a href="#[6e]">&gt;&gt;</a>&nbsp;&nbsp;&nbsp;DRAW_6SEC
<LI><a href="#[6d]">&gt;&gt;</a>&nbsp;&nbsp;&nbsp;DRAW_5SEC
<LI><a href="#[6c]">&gt;&gt;</a>&nbsp;&nbsp;&nbsp;DRAW_4SEC
<LI><a href="#[68]">&gt;&gt;</a>&nbsp;&nbsp;&nbsp;DRAW_0SEC
</UL>

<P><STRONG><a name="[76]"></a>SEGMENT_CSEC</STRONG> (Thumb, 28 bytes, Stack size 0 bytes, main.o(MYCODE))
<BR><BR>[Called By]<UL><LI><a href="#[72]">&gt;&gt;</a>&nbsp;&nbsp;&nbsp;DRAW_D
<LI><a href="#[71]">&gt;&gt;</a>&nbsp;&nbsp;&nbsp;DRAW_9SEC
<LI><a href="#[70]">&gt;&gt;</a>&nbsp;&nbsp;&nbsp;DRAW_8SEC
<LI><a href="#[6f]">&gt;&gt;</a>&nbsp;&nbsp;&nbsp;DRAW_7SEC
<LI><a href="#[6c]">&gt;&gt;</a>&nbsp;&nbsp;&nbsp;DRAW_4SEC
<LI><a href="#[6b]">&gt;&gt;</a>&nbsp;&nbsp;&nbsp;DRAW_3SEC
<LI><a href="#[6a]">&gt;&gt;</a>&nbsp;&nbsp;&nbsp;DRAW_2SEC
<LI><a href="#[69]">&gt;&gt;</a>&nbsp;&nbsp;&nbsp;DRAW_1SEC
<LI><a href="#[68]">&gt;&gt;</a>&nbsp;&nbsp;&nbsp;DRAW_0SEC
</UL>

<P><STRONG><a name="[7c]"></a>SEGMENT_DSEC</STRONG> (Thumb, 24 bytes, Stack size 0 bytes, main.o(MYCODE))
<BR><BR>[Called By]<UL><LI><a href="#[75]">&gt;&gt;</a>&nbsp;&nbsp;&nbsp;DRAW_F
<LI><a href="#[74]">&gt;&gt;</a>&nbsp;&nbsp;&nbsp;DRAW_T
<LI><a href="#[73]">&gt;&gt;</a>&nbsp;&nbsp;&nbsp;DRAW_E
<LI><a href="#[71]">&gt;&gt;</a>&nbsp;&nbsp;&nbsp;DRAW_9SEC
<LI><a href="#[70]">&gt;&gt;</a>&nbsp;&nbsp;&nbsp;DRAW_8SEC
<LI><a href="#[6f]">&gt;&gt;</a>&nbsp;&nbsp;&nbsp;DRAW_7SEC
<LI><a href="#[6e]">&gt;&gt;</a>&nbsp;&nbsp;&nbsp;DRAW_6SEC
<LI><a href="#[6d]">&gt;&gt;</a>&nbsp;&nbsp;&nbsp;DRAW_5SEC
<LI><a href="#[6c]">&gt;&gt;</a>&nbsp;&nbsp;&nbsp;DRAW_4SEC
<LI><a href="#[6b]">&gt;&gt;</a>&nbsp;&nbsp;&nbsp;DRAW_3SEC
<LI><a href="#[6a]">&gt;&gt;</a>&nbsp;&nbsp;&nbsp;DRAW_2SEC
</UL>

<P><STRONG><a name="[77]"></a>SEGMENT_ESEC</STRONG> (Thumb, 24 bytes, Stack size 0 bytes, main.o(MYCODE))
<BR><BR>[Called By]<UL><LI><a href="#[75]">&gt;&gt;</a>&nbsp;&nbsp;&nbsp;DRAW_F
<LI><a href="#[74]">&gt;&gt;</a>&nbsp;&nbsp;&nbsp;DRAW_T
<LI><a href="#[73]">&gt;&gt;</a>&nbsp;&nbsp;&nbsp;DRAW_E
<LI><a href="#[72]">&gt;&gt;</a>&nbsp;&nbsp;&nbsp;DRAW_D
<LI><a href="#[70]">&gt;&gt;</a>&nbsp;&nbsp;&nbsp;DRAW_8SEC
<LI><a href="#[6e]">&gt;&gt;</a>&nbsp;&nbsp;&nbsp;DRAW_6SEC
<LI><a href="#[6a]">&gt;&gt;</a>&nbsp;&nbsp;&nbsp;DRAW_2SEC
<LI><a href="#[68]">&gt;&gt;</a>&nbsp;&nbsp;&nbsp;DRAW_0SEC
</UL>

<P><STRONG><a name="[79]"></a>SEGMENT_FSEC</STRONG> (Thumb, 24 bytes, Stack size 0 bytes, main.o(MYCODE))
<BR><BR>[Called By]<UL><LI><a href="#[72]">&gt;&gt;</a>&nbsp;&nbsp;&nbsp;DRAW_D
<LI><a href="#[71]">&gt;&gt;</a>&nbsp;&nbsp;&nbsp;DRAW_9SEC
<LI><a href="#[70]">&gt;&gt;</a>&nbsp;&nbsp;&nbsp;DRAW_8SEC
<LI><a href="#[6f]">&gt;&gt;</a>&nbsp;&nbsp;&nbsp;DRAW_7SEC
<LI><a href="#[6e]">&gt;&gt;</a>&nbsp;&nbsp;&nbsp;DRAW_6SEC
<LI><a href="#[6d]">&gt;&gt;</a>&nbsp;&nbsp;&nbsp;DRAW_5SEC
<LI><a href="#[6c]">&gt;&gt;</a>&nbsp;&nbsp;&nbsp;DRAW_4SEC
<LI><a href="#[6b]">&gt;&gt;</a>&nbsp;&nbsp;&nbsp;DRAW_3SEC
<LI><a href="#[69]">&gt;&gt;</a>&nbsp;&nbsp;&nbsp;DRAW_1SEC
<LI><a href="#[68]">&gt;&gt;</a>&nbsp;&nbsp;&nbsp;DRAW_0SEC
</UL>

<P><STRONG><a name="[7b]"></a>SEGMENT_GSEC</STRONG> (Thumb, 20 bytes, Stack size 0 bytes, main.o(MYCODE))
<BR><BR>[Called By]<UL><LI><a href="#[74]">&gt;&gt;</a>&nbsp;&nbsp;&nbsp;DRAW_T
<LI><a href="#[73]">&gt;&gt;</a>&nbsp;&nbsp;&nbsp;DRAW_E
<LI><a href="#[72]">&gt;&gt;</a>&nbsp;&nbsp;&nbsp;DRAW_D
<LI><a href="#[71]">&gt;&gt;</a>&nbsp;&nbsp;&nbsp;DRAW_9SEC
<LI><a href="#[70]">&gt;&gt;</a>&nbsp;&nbsp;&nbsp;DRAW_8SEC
<LI><a href="#[6e]">&gt;&gt;</a>&nbsp;&nbsp;&nbsp;DRAW_6SEC
<LI><a href="#[6d]">&gt;&gt;</a>&nbsp;&nbsp;&nbsp;DRAW_5SEC
<LI><a href="#[6b]">&gt;&gt;</a>&nbsp;&nbsp;&nbsp;DRAW_3SEC
<LI><a href="#[6a]">&gt;&gt;</a>&nbsp;&nbsp;&nbsp;DRAW_2SEC
<LI><a href="#[68]">&gt;&gt;</a>&nbsp;&nbsp;&nbsp;DRAW_0SEC
</UL>

<P><STRONG><a name="[4f]"></a>DRAW_BCD</STRONG> (Thumb, 108 bytes, Stack size 0 bytes, main.o(MYCODE))
<BR><BR>[Calls]<UL><LI><a href="#[60]">&gt;&gt;</a>&nbsp;&nbsp;&nbsp;DRAW_9
<LI><a href="#[5f]">&gt;&gt;</a>&nbsp;&nbsp;&nbsp;DRAW_8
<LI><a href="#[5e]">&gt;&gt;</a>&nbsp;&nbsp;&nbsp;DRAW_7
<LI><a href="#[5d]">&gt;&gt;</a>&nbsp;&nbsp;&nbsp;DRAW_6
<LI><a href="#[5c]">&gt;&gt;</a>&nbsp;&nbsp;&nbsp;DRAW_5
<LI><a href="#[5b]">&gt;&gt;</a>&nbsp;&nbsp;&nbsp;DRAW_4
<LI><a href="#[5a]">&gt;&gt;</a>&nbsp;&nbsp;&nbsp;DRAW_3
<LI><a href="#[59]">&gt;&gt;</a>&nbsp;&nbsp;&nbsp;DRAW_2
<LI><a href="#[58]">&gt;&gt;</a>&nbsp;&nbsp;&nbsp;DRAW_1
<LI><a href="#[57]">&gt;&gt;</a>&nbsp;&nbsp;&nbsp;DRAW_0
</UL>
<BR>[Called By]<UL><LI><a href="#[54]">&gt;&gt;</a>&nbsp;&nbsp;&nbsp;BLACKOUT2
<LI><a href="#[50]">&gt;&gt;</a>&nbsp;&nbsp;&nbsp;BLACKOUT
<LI><a href="#[41]">&gt;&gt;</a>&nbsp;&nbsp;&nbsp;THEME2_TEXTILE
<LI><a href="#[40]">&gt;&gt;</a>&nbsp;&nbsp;&nbsp;THEME1_TEXTILE
</UL>

<P><STRONG><a name="[57]"></a>DRAW_0</STRONG> (Thumb, 32 bytes, Stack size 0 bytes, main.o(MYCODE))
<BR><BR>[Calls]<UL><LI><a href="#[66]">&gt;&gt;</a>&nbsp;&nbsp;&nbsp;SEGMENT_G
<LI><a href="#[64]">&gt;&gt;</a>&nbsp;&nbsp;&nbsp;SEGMENT_F
<LI><a href="#[62]">&gt;&gt;</a>&nbsp;&nbsp;&nbsp;SEGMENT_E
<LI><a href="#[61]">&gt;&gt;</a>&nbsp;&nbsp;&nbsp;SEGMENT_C
<LI><a href="#[63]">&gt;&gt;</a>&nbsp;&nbsp;&nbsp;SEGMENT_B
<LI><a href="#[65]">&gt;&gt;</a>&nbsp;&nbsp;&nbsp;SEGMENT_A
</UL>
<BR>[Called By]<UL><LI><a href="#[4f]">&gt;&gt;</a>&nbsp;&nbsp;&nbsp;DRAW_BCD
</UL>

<P><STRONG><a name="[58]"></a>DRAW_1</STRONG> (Thumb, 16 bytes, Stack size 0 bytes, main.o(MYCODE))
<BR><BR>[Calls]<UL><LI><a href="#[64]">&gt;&gt;</a>&nbsp;&nbsp;&nbsp;SEGMENT_F
<LI><a href="#[61]">&gt;&gt;</a>&nbsp;&nbsp;&nbsp;SEGMENT_C
</UL>
<BR>[Called By]<UL><LI><a href="#[4f]">&gt;&gt;</a>&nbsp;&nbsp;&nbsp;DRAW_BCD
</UL>

<P><STRONG><a name="[59]"></a>DRAW_2</STRONG> (Thumb, 28 bytes, Stack size 0 bytes, main.o(MYCODE))
<BR><BR>[Calls]<UL><LI><a href="#[66]">&gt;&gt;</a>&nbsp;&nbsp;&nbsp;SEGMENT_G
<LI><a href="#[62]">&gt;&gt;</a>&nbsp;&nbsp;&nbsp;SEGMENT_E
<LI><a href="#[67]">&gt;&gt;</a>&nbsp;&nbsp;&nbsp;SEGMENT_D
<LI><a href="#[61]">&gt;&gt;</a>&nbsp;&nbsp;&nbsp;SEGMENT_C
<LI><a href="#[65]">&gt;&gt;</a>&nbsp;&nbsp;&nbsp;SEGMENT_A
</UL>
<BR>[Called By]<UL><LI><a href="#[4f]">&gt;&gt;</a>&nbsp;&nbsp;&nbsp;DRAW_BCD
</UL>

<P><STRONG><a name="[5a]"></a>DRAW_3</STRONG> (Thumb, 28 bytes, Stack size 0 bytes, main.o(MYCODE))
<BR><BR>[Calls]<UL><LI><a href="#[66]">&gt;&gt;</a>&nbsp;&nbsp;&nbsp;SEGMENT_G
<LI><a href="#[64]">&gt;&gt;</a>&nbsp;&nbsp;&nbsp;SEGMENT_F
<LI><a href="#[67]">&gt;&gt;</a>&nbsp;&nbsp;&nbsp;SEGMENT_D
<LI><a href="#[61]">&gt;&gt;</a>&nbsp;&nbsp;&nbsp;SEGMENT_C
<LI><a href="#[65]">&gt;&gt;</a>&nbsp;&nbsp;&nbsp;SEGMENT_A
</UL>
<BR>[Called By]<UL><LI><a href="#[4f]">&gt;&gt;</a>&nbsp;&nbsp;&nbsp;DRAW_BCD
</UL>

<P><STRONG><a name="[5b]"></a>DRAW_4</STRONG> (Thumb, 24 bytes, Stack size 0 bytes, main.o(MYCODE))
<BR><BR>[Calls]<UL><LI><a href="#[64]">&gt;&gt;</a>&nbsp;&nbsp;&nbsp;SEGMENT_F
<LI><a href="#[67]">&gt;&gt;</a>&nbsp;&nbsp;&nbsp;SEGMENT_D
<LI><a href="#[61]">&gt;&gt;</a>&nbsp;&nbsp;&nbsp;SEGMENT_C
<LI><a href="#[63]">&gt;&gt;</a>&nbsp;&nbsp;&nbsp;SEGMENT_B
</UL>
<BR>[Called By]<UL><LI><a href="#[4f]">&gt;&gt;</a>&nbsp;&nbsp;&nbsp;DRAW_BCD
</UL>

<P><STRONG><a name="[5c]"></a>DRAW_5</STRONG> (Thumb, 28 bytes, Stack size 0 bytes, main.o(MYCODE))
<BR><BR>[Calls]<UL><LI><a href="#[66]">&gt;&gt;</a>&nbsp;&nbsp;&nbsp;SEGMENT_G
<LI><a href="#[64]">&gt;&gt;</a>&nbsp;&nbsp;&nbsp;SEGMENT_F
<LI><a href="#[67]">&gt;&gt;</a>&nbsp;&nbsp;&nbsp;SEGMENT_D
<LI><a href="#[63]">&gt;&gt;</a>&nbsp;&nbsp;&nbsp;SEGMENT_B
<LI><a href="#[65]">&gt;&gt;</a>&nbsp;&nbsp;&nbsp;SEGMENT_A
</UL>
<BR>[Called By]<UL><LI><a href="#[4f]">&gt;&gt;</a>&nbsp;&nbsp;&nbsp;DRAW_BCD
</UL>

<P><STRONG><a name="[5d]"></a>DRAW_6</STRONG> (Thumb, 32 bytes, Stack size 0 bytes, main.o(MYCODE))
<BR><BR>[Calls]<UL><LI><a href="#[66]">&gt;&gt;</a>&nbsp;&nbsp;&nbsp;SEGMENT_G
<LI><a href="#[64]">&gt;&gt;</a>&nbsp;&nbsp;&nbsp;SEGMENT_F
<LI><a href="#[62]">&gt;&gt;</a>&nbsp;&nbsp;&nbsp;SEGMENT_E
<LI><a href="#[67]">&gt;&gt;</a>&nbsp;&nbsp;&nbsp;SEGMENT_D
<LI><a href="#[63]">&gt;&gt;</a>&nbsp;&nbsp;&nbsp;SEGMENT_B
<LI><a href="#[65]">&gt;&gt;</a>&nbsp;&nbsp;&nbsp;SEGMENT_A
</UL>
<BR>[Called By]<UL><LI><a href="#[4f]">&gt;&gt;</a>&nbsp;&nbsp;&nbsp;DRAW_BCD
</UL>

<P><STRONG><a name="[5e]"></a>DRAW_7</STRONG> (Thumb, 24 bytes, Stack size 0 bytes, main.o(MYCODE))
<BR><BR>[Calls]<UL><LI><a href="#[64]">&gt;&gt;</a>&nbsp;&nbsp;&nbsp;SEGMENT_F
<LI><a href="#[67]">&gt;&gt;</a>&nbsp;&nbsp;&nbsp;SEGMENT_D
<LI><a href="#[61]">&gt;&gt;</a>&nbsp;&nbsp;&nbsp;SEGMENT_C
<LI><a href="#[65]">&gt;&gt;</a>&nbsp;&nbsp;&nbsp;SEGMENT_A
</UL>
<BR>[Called By]<UL><LI><a href="#[4f]">&gt;&gt;</a>&nbsp;&nbsp;&nbsp;DRAW_BCD
</UL>

<P><STRONG><a name="[5f]"></a>DRAW_8</STRONG> (Thumb, 36 bytes, Stack size 0 bytes, main.o(MYCODE))
<BR><BR>[Calls]<UL><LI><a href="#[66]">&gt;&gt;</a>&nbsp;&nbsp;&nbsp;SEGMENT_G
<LI><a href="#[64]">&gt;&gt;</a>&nbsp;&nbsp;&nbsp;SEGMENT_F
<LI><a href="#[62]">&gt;&gt;</a>&nbsp;&nbsp;&nbsp;SEGMENT_E
<LI><a href="#[67]">&gt;&gt;</a>&nbsp;&nbsp;&nbsp;SEGMENT_D
<LI><a href="#[61]">&gt;&gt;</a>&nbsp;&nbsp;&nbsp;SEGMENT_C
<LI><a href="#[63]">&gt;&gt;</a>&nbsp;&nbsp;&nbsp;SEGMENT_B
<LI><a href="#[65]">&gt;&gt;</a>&nbsp;&nbsp;&nbsp;SEGMENT_A
</UL>
<BR>[Called By]<UL><LI><a href="#[4f]">&gt;&gt;</a>&nbsp;&nbsp;&nbsp;DRAW_BCD
</UL>

<P><STRONG><a name="[60]"></a>DRAW_9</STRONG> (Thumb, 32 bytes, Stack size 0 bytes, main.o(MYCODE))
<BR><BR>[Calls]<UL><LI><a href="#[66]">&gt;&gt;</a>&nbsp;&nbsp;&nbsp;SEGMENT_G
<LI><a href="#[64]">&gt;&gt;</a>&nbsp;&nbsp;&nbsp;SEGMENT_F
<LI><a href="#[67]">&gt;&gt;</a>&nbsp;&nbsp;&nbsp;SEGMENT_D
<LI><a href="#[61]">&gt;&gt;</a>&nbsp;&nbsp;&nbsp;SEGMENT_C
<LI><a href="#[63]">&gt;&gt;</a>&nbsp;&nbsp;&nbsp;SEGMENT_B
<LI><a href="#[65]">&gt;&gt;</a>&nbsp;&nbsp;&nbsp;SEGMENT_A
</UL>
<BR>[Called By]<UL><LI><a href="#[4f]">&gt;&gt;</a>&nbsp;&nbsp;&nbsp;DRAW_BCD
</UL>

<P><STRONG><a name="[44]"></a>DRAWSEC_BCD</STRONG> (Thumb, 158 bytes, Stack size 0 bytes, main.o(MYCODE))
<BR><BR>[Calls]<UL><LI><a href="#[45]">&gt;&gt;</a>&nbsp;&nbsp;&nbsp;DRAW_DOT
<LI><a href="#[75]">&gt;&gt;</a>&nbsp;&nbsp;&nbsp;DRAW_F
<LI><a href="#[74]">&gt;&gt;</a>&nbsp;&nbsp;&nbsp;DRAW_T
<LI><a href="#[73]">&gt;&gt;</a>&nbsp;&nbsp;&nbsp;DRAW_E
<LI><a href="#[72]">&gt;&gt;</a>&nbsp;&nbsp;&nbsp;DRAW_D
<LI><a href="#[71]">&gt;&gt;</a>&nbsp;&nbsp;&nbsp;DRAW_9SEC
<LI><a href="#[70]">&gt;&gt;</a>&nbsp;&nbsp;&nbsp;DRAW_8SEC
<LI><a href="#[6f]">&gt;&gt;</a>&nbsp;&nbsp;&nbsp;DRAW_7SEC
<LI><a href="#[6e]">&gt;&gt;</a>&nbsp;&nbsp;&nbsp;DRAW_6SEC
<LI><a href="#[6d]">&gt;&gt;</a>&nbsp;&nbsp;&nbsp;DRAW_5SEC
<LI><a href="#[6c]">&gt;&gt;</a>&nbsp;&nbsp;&nbsp;DRAW_4SEC
<LI><a href="#[6b]">&gt;&gt;</a>&nbsp;&nbsp;&nbsp;DRAW_3SEC
<LI><a href="#[6a]">&gt;&gt;</a>&nbsp;&nbsp;&nbsp;DRAW_2SEC
<LI><a href="#[69]">&gt;&gt;</a>&nbsp;&nbsp;&nbsp;DRAW_1SEC
<LI><a href="#[68]">&gt;&gt;</a>&nbsp;&nbsp;&nbsp;DRAW_0SEC
</UL>
<BR>[Called By]<UL><LI><a href="#[55]">&gt;&gt;</a>&nbsp;&nbsp;&nbsp;DRAWSTOP2
<LI><a href="#[54]">&gt;&gt;</a>&nbsp;&nbsp;&nbsp;BLACKOUT2
<LI><a href="#[50]">&gt;&gt;</a>&nbsp;&nbsp;&nbsp;BLACKOUT
<LI><a href="#[41]">&gt;&gt;</a>&nbsp;&nbsp;&nbsp;THEME2_TEXTILE
<LI><a href="#[40]">&gt;&gt;</a>&nbsp;&nbsp;&nbsp;THEME1_TEXTILE
<LI><a href="#[46]">&gt;&gt;</a>&nbsp;&nbsp;&nbsp;DRAW_DET2
<LI><a href="#[42]">&gt;&gt;</a>&nbsp;&nbsp;&nbsp;DRAW_DET1
</UL>

<P><STRONG><a name="[68]"></a>DRAW_0SEC</STRONG> (Thumb, 32 bytes, Stack size 0 bytes, main.o(MYCODE))
<BR><BR>[Calls]<UL><LI><a href="#[7b]">&gt;&gt;</a>&nbsp;&nbsp;&nbsp;SEGMENT_GSEC
<LI><a href="#[79]">&gt;&gt;</a>&nbsp;&nbsp;&nbsp;SEGMENT_FSEC
<LI><a href="#[77]">&gt;&gt;</a>&nbsp;&nbsp;&nbsp;SEGMENT_ESEC
<LI><a href="#[76]">&gt;&gt;</a>&nbsp;&nbsp;&nbsp;SEGMENT_CSEC
<LI><a href="#[78]">&gt;&gt;</a>&nbsp;&nbsp;&nbsp;SEGMENT_BSEC
<LI><a href="#[7a]">&gt;&gt;</a>&nbsp;&nbsp;&nbsp;SEGMENT_ASEC
</UL>
<BR>[Called By]<UL><LI><a href="#[44]">&gt;&gt;</a>&nbsp;&nbsp;&nbsp;DRAWSEC_BCD
</UL>

<P><STRONG><a name="[69]"></a>DRAW_1SEC</STRONG> (Thumb, 16 bytes, Stack size 0 bytes, main.o(MYCODE))
<BR><BR>[Calls]<UL><LI><a href="#[79]">&gt;&gt;</a>&nbsp;&nbsp;&nbsp;SEGMENT_FSEC
<LI><a href="#[76]">&gt;&gt;</a>&nbsp;&nbsp;&nbsp;SEGMENT_CSEC
</UL>
<BR>[Called By]<UL><LI><a href="#[52]">&gt;&gt;</a>&nbsp;&nbsp;&nbsp;DRAW_SUBMISSION_DATE2
<LI><a href="#[4c]">&gt;&gt;</a>&nbsp;&nbsp;&nbsp;DRAW_SUBMISSION_DATE
<LI><a href="#[44]">&gt;&gt;</a>&nbsp;&nbsp;&nbsp;DRAWSEC_BCD
</UL>

<P><STRONG><a name="[6a]"></a>DRAW_2SEC</STRONG> (Thumb, 28 bytes, Stack size 0 bytes, main.o(MYCODE))
<BR><BR>[Calls]<UL><LI><a href="#[7b]">&gt;&gt;</a>&nbsp;&nbsp;&nbsp;SEGMENT_GSEC
<LI><a href="#[77]">&gt;&gt;</a>&nbsp;&nbsp;&nbsp;SEGMENT_ESEC
<LI><a href="#[7c]">&gt;&gt;</a>&nbsp;&nbsp;&nbsp;SEGMENT_DSEC
<LI><a href="#[76]">&gt;&gt;</a>&nbsp;&nbsp;&nbsp;SEGMENT_CSEC
<LI><a href="#[7a]">&gt;&gt;</a>&nbsp;&nbsp;&nbsp;SEGMENT_ASEC
</UL>
<BR>[Called By]<UL><LI><a href="#[52]">&gt;&gt;</a>&nbsp;&nbsp;&nbsp;DRAW_SUBMISSION_DATE2
<LI><a href="#[4c]">&gt;&gt;</a>&nbsp;&nbsp;&nbsp;DRAW_SUBMISSION_DATE
<LI><a href="#[44]">&gt;&gt;</a>&nbsp;&nbsp;&nbsp;DRAWSEC_BCD
</UL>

<P><STRONG><a name="[6b]"></a>DRAW_3SEC</STRONG> (Thumb, 28 bytes, Stack size 0 bytes, main.o(MYCODE))
<BR><BR>[Calls]<UL><LI><a href="#[7b]">&gt;&gt;</a>&nbsp;&nbsp;&nbsp;SEGMENT_GSEC
<LI><a href="#[79]">&gt;&gt;</a>&nbsp;&nbsp;&nbsp;SEGMENT_FSEC
<LI><a href="#[7c]">&gt;&gt;</a>&nbsp;&nbsp;&nbsp;SEGMENT_DSEC
<LI><a href="#[76]">&gt;&gt;</a>&nbsp;&nbsp;&nbsp;SEGMENT_CSEC
<LI><a href="#[7a]">&gt;&gt;</a>&nbsp;&nbsp;&nbsp;SEGMENT_ASEC
</UL>
<BR>[Called By]<UL><LI><a href="#[52]">&gt;&gt;</a>&nbsp;&nbsp;&nbsp;DRAW_SUBMISSION_DATE2
<LI><a href="#[4c]">&gt;&gt;</a>&nbsp;&nbsp;&nbsp;DRAW_SUBMISSION_DATE
<LI><a href="#[44]">&gt;&gt;</a>&nbsp;&nbsp;&nbsp;DRAWSEC_BCD
</UL>

<P><STRONG><a name="[6c]"></a>DRAW_4SEC</STRONG> (Thumb, 24 bytes, Stack size 0 bytes, main.o(MYCODE))
<BR><BR>[Calls]<UL><LI><a href="#[79]">&gt;&gt;</a>&nbsp;&nbsp;&nbsp;SEGMENT_FSEC
<LI><a href="#[7c]">&gt;&gt;</a>&nbsp;&nbsp;&nbsp;SEGMENT_DSEC
<LI><a href="#[76]">&gt;&gt;</a>&nbsp;&nbsp;&nbsp;SEGMENT_CSEC
<LI><a href="#[78]">&gt;&gt;</a>&nbsp;&nbsp;&nbsp;SEGMENT_BSEC
</UL>
<BR>[Called By]<UL><LI><a href="#[44]">&gt;&gt;</a>&nbsp;&nbsp;&nbsp;DRAWSEC_BCD
</UL>

<P><STRONG><a name="[6d]"></a>DRAW_5SEC</STRONG> (Thumb, 28 bytes, Stack size 0 bytes, main.o(MYCODE))
<BR><BR>[Calls]<UL><LI><a href="#[7b]">&gt;&gt;</a>&nbsp;&nbsp;&nbsp;SEGMENT_GSEC
<LI><a href="#[79]">&gt;&gt;</a>&nbsp;&nbsp;&nbsp;SEGMENT_FSEC
<LI><a href="#[7c]">&gt;&gt;</a>&nbsp;&nbsp;&nbsp;SEGMENT_DSEC
<LI><a href="#[78]">&gt;&gt;</a>&nbsp;&nbsp;&nbsp;SEGMENT_BSEC
<LI><a href="#[7a]">&gt;&gt;</a>&nbsp;&nbsp;&nbsp;SEGMENT_ASEC
</UL>
<BR>[Called By]<UL><LI><a href="#[44]">&gt;&gt;</a>&nbsp;&nbsp;&nbsp;DRAWSEC_BCD
</UL>

<P><STRONG><a name="[6e]"></a>DRAW_6SEC</STRONG> (Thumb, 32 bytes, Stack size 0 bytes, main.o(MYCODE))
<BR><BR>[Calls]<UL><LI><a href="#[7b]">&gt;&gt;</a>&nbsp;&nbsp;&nbsp;SEGMENT_GSEC
<LI><a href="#[79]">&gt;&gt;</a>&nbsp;&nbsp;&nbsp;SEGMENT_FSEC
<LI><a href="#[77]">&gt;&gt;</a>&nbsp;&nbsp;&nbsp;SEGMENT_ESEC
<LI><a href="#[7c]">&gt;&gt;</a>&nbsp;&nbsp;&nbsp;SEGMENT_DSEC
<LI><a href="#[78]">&gt;&gt;</a>&nbsp;&nbsp;&nbsp;SEGMENT_BSEC
<LI><a href="#[7a]">&gt;&gt;</a>&nbsp;&nbsp;&nbsp;SEGMENT_ASEC
</UL>
<BR>[Called By]<UL><LI><a href="#[44]">&gt;&gt;</a>&nbsp;&nbsp;&nbsp;DRAWSEC_BCD
</UL>

<P><STRONG><a name="[6f]"></a>DRAW_7SEC</STRONG> (Thumb, 24 bytes, Stack size 0 bytes, main.o(MYCODE))
<BR><BR>[Calls]<UL><LI><a href="#[79]">&gt;&gt;</a>&nbsp;&nbsp;&nbsp;SEGMENT_FSEC
<LI><a href="#[7c]">&gt;&gt;</a>&nbsp;&nbsp;&nbsp;SEGMENT_DSEC
<LI><a href="#[76]">&gt;&gt;</a>&nbsp;&nbsp;&nbsp;SEGMENT_CSEC
<LI><a href="#[7a]">&gt;&gt;</a>&nbsp;&nbsp;&nbsp;SEGMENT_ASEC
</UL>
<BR>[Called By]<UL><LI><a href="#[44]">&gt;&gt;</a>&nbsp;&nbsp;&nbsp;DRAWSEC_BCD
</UL>

<P><STRONG><a name="[70]"></a>DRAW_8SEC</STRONG> (Thumb, 36 bytes, Stack size 0 bytes, main.o(MYCODE))
<BR><BR>[Calls]<UL><LI><a href="#[7b]">&gt;&gt;</a>&nbsp;&nbsp;&nbsp;SEGMENT_GSEC
<LI><a href="#[79]">&gt;&gt;</a>&nbsp;&nbsp;&nbsp;SEGMENT_FSEC
<LI><a href="#[77]">&gt;&gt;</a>&nbsp;&nbsp;&nbsp;SEGMENT_ESEC
<LI><a href="#[7c]">&gt;&gt;</a>&nbsp;&nbsp;&nbsp;SEGMENT_DSEC
<LI><a href="#[76]">&gt;&gt;</a>&nbsp;&nbsp;&nbsp;SEGMENT_CSEC
<LI><a href="#[78]">&gt;&gt;</a>&nbsp;&nbsp;&nbsp;SEGMENT_BSEC
<LI><a href="#[7a]">&gt;&gt;</a>&nbsp;&nbsp;&nbsp;SEGMENT_ASEC
</UL>
<BR>[Called By]<UL><LI><a href="#[44]">&gt;&gt;</a>&nbsp;&nbsp;&nbsp;DRAWSEC_BCD
</UL>

<P><STRONG><a name="[71]"></a>DRAW_9SEC</STRONG> (Thumb, 32 bytes, Stack size 0 bytes, main.o(MYCODE))
<BR><BR>[Calls]<UL><LI><a href="#[7b]">&gt;&gt;</a>&nbsp;&nbsp;&nbsp;SEGMENT_GSEC
<LI><a href="#[79]">&gt;&gt;</a>&nbsp;&nbsp;&nbsp;SEGMENT_FSEC
<LI><a href="#[7c]">&gt;&gt;</a>&nbsp;&nbsp;&nbsp;SEGMENT_DSEC
<LI><a href="#[76]">&gt;&gt;</a>&nbsp;&nbsp;&nbsp;SEGMENT_CSEC
<LI><a href="#[78]">&gt;&gt;</a>&nbsp;&nbsp;&nbsp;SEGMENT_BSEC
<LI><a href="#[7a]">&gt;&gt;</a>&nbsp;&nbsp;&nbsp;SEGMENT_ASEC
</UL>
<BR>[Called By]<UL><LI><a href="#[44]">&gt;&gt;</a>&nbsp;&nbsp;&nbsp;DRAWSEC_BCD
</UL>

<P><STRONG><a name="[72]"></a>DRAW_D</STRONG> (Thumb, 32 bytes, Stack size 0 bytes, main.o(MYCODE))
<BR><BR>[Calls]<UL><LI><a href="#[7b]">&gt;&gt;</a>&nbsp;&nbsp;&nbsp;SEGMENT_GSEC
<LI><a href="#[79]">&gt;&gt;</a>&nbsp;&nbsp;&nbsp;SEGMENT_FSEC
<LI><a href="#[77]">&gt;&gt;</a>&nbsp;&nbsp;&nbsp;SEGMENT_ESEC
<LI><a href="#[76]">&gt;&gt;</a>&nbsp;&nbsp;&nbsp;SEGMENT_CSEC
<LI><a href="#[78]">&gt;&gt;</a>&nbsp;&nbsp;&nbsp;SEGMENT_BSEC
<LI><a href="#[7a]">&gt;&gt;</a>&nbsp;&nbsp;&nbsp;SEGMENT_ASEC
</UL>
<BR>[Called By]<UL><LI><a href="#[44]">&gt;&gt;</a>&nbsp;&nbsp;&nbsp;DRAWSEC_BCD
</UL>

<P><STRONG><a name="[73]"></a>DRAW_E</STRONG> (Thumb, 28 bytes, Stack size 0 bytes, main.o(MYCODE))
<BR><BR>[Calls]<UL><LI><a href="#[7b]">&gt;&gt;</a>&nbsp;&nbsp;&nbsp;SEGMENT_GSEC
<LI><a href="#[77]">&gt;&gt;</a>&nbsp;&nbsp;&nbsp;SEGMENT_ESEC
<LI><a href="#[7c]">&gt;&gt;</a>&nbsp;&nbsp;&nbsp;SEGMENT_DSEC
<LI><a href="#[78]">&gt;&gt;</a>&nbsp;&nbsp;&nbsp;SEGMENT_BSEC
<LI><a href="#[7a]">&gt;&gt;</a>&nbsp;&nbsp;&nbsp;SEGMENT_ASEC
</UL>
<BR>[Called By]<UL><LI><a href="#[44]">&gt;&gt;</a>&nbsp;&nbsp;&nbsp;DRAWSEC_BCD
</UL>

<P><STRONG><a name="[74]"></a>DRAW_T</STRONG> (Thumb, 24 bytes, Stack size 0 bytes, main.o(MYCODE))
<BR><BR>[Calls]<UL><LI><a href="#[7b]">&gt;&gt;</a>&nbsp;&nbsp;&nbsp;SEGMENT_GSEC
<LI><a href="#[77]">&gt;&gt;</a>&nbsp;&nbsp;&nbsp;SEGMENT_ESEC
<LI><a href="#[7c]">&gt;&gt;</a>&nbsp;&nbsp;&nbsp;SEGMENT_DSEC
<LI><a href="#[78]">&gt;&gt;</a>&nbsp;&nbsp;&nbsp;SEGMENT_BSEC
</UL>
<BR>[Called By]<UL><LI><a href="#[44]">&gt;&gt;</a>&nbsp;&nbsp;&nbsp;DRAWSEC_BCD
</UL>

<P><STRONG><a name="[75]"></a>DRAW_F</STRONG> (Thumb, 24 bytes, Stack size 0 bytes, main.o(MYCODE))
<BR><BR>[Calls]<UL><LI><a href="#[77]">&gt;&gt;</a>&nbsp;&nbsp;&nbsp;SEGMENT_ESEC
<LI><a href="#[7c]">&gt;&gt;</a>&nbsp;&nbsp;&nbsp;SEGMENT_DSEC
<LI><a href="#[78]">&gt;&gt;</a>&nbsp;&nbsp;&nbsp;SEGMENT_BSEC
<LI><a href="#[7a]">&gt;&gt;</a>&nbsp;&nbsp;&nbsp;SEGMENT_ASEC
</UL>
<BR>[Called By]<UL><LI><a href="#[44]">&gt;&gt;</a>&nbsp;&nbsp;&nbsp;DRAWSEC_BCD
</UL>

<P><STRONG><a name="[45]"></a>DRAW_DOT</STRONG> (Thumb, 48 bytes, Stack size 0 bytes, main.o(MYCODE))
<BR><BR>[Called By]<UL><LI><a href="#[44]">&gt;&gt;</a>&nbsp;&nbsp;&nbsp;DRAWSEC_BCD
<LI><a href="#[46]">&gt;&gt;</a>&nbsp;&nbsp;&nbsp;DRAW_DET2
<LI><a href="#[42]">&gt;&gt;</a>&nbsp;&nbsp;&nbsp;DRAW_DET1
</UL>

<P><STRONG><a name="[4c]"></a>DRAW_SUBMISSION_DATE</STRONG> (Thumb, 72 bytes, Stack size 0 bytes, main.o(MYCODE))
<BR><BR>[Calls]<UL><LI><a href="#[6b]">&gt;&gt;</a>&nbsp;&nbsp;&nbsp;DRAW_3SEC
<LI><a href="#[6a]">&gt;&gt;</a>&nbsp;&nbsp;&nbsp;DRAW_2SEC
<LI><a href="#[69]">&gt;&gt;</a>&nbsp;&nbsp;&nbsp;DRAW_1SEC
</UL>
<BR>[Called By]<UL><LI><a href="#[3d]">&gt;&gt;</a>&nbsp;&nbsp;&nbsp;THEME1_BACKGROUND
</UL>

<P><STRONG><a name="[52]"></a>DRAW_SUBMISSION_DATE2</STRONG> (Thumb, 72 bytes, Stack size 0 bytes, main.o(MYCODE))
<BR><BR>[Calls]<UL><LI><a href="#[6b]">&gt;&gt;</a>&nbsp;&nbsp;&nbsp;DRAW_3SEC
<LI><a href="#[6a]">&gt;&gt;</a>&nbsp;&nbsp;&nbsp;DRAW_2SEC
<LI><a href="#[69]">&gt;&gt;</a>&nbsp;&nbsp;&nbsp;DRAW_1SEC
</UL>
<BR>[Called By]<UL><LI><a href="#[3e]">&gt;&gt;</a>&nbsp;&nbsp;&nbsp;THEME2_BACKGROUND
</UL>

<P><STRONG><a name="[4e]"></a>DRAW_BIMO1</STRONG> (Thumb, 272 bytes, Stack size 0 bytes, main.o(MYCODE))
<BR><BR>[Called By]<UL><LI><a href="#[40]">&gt;&gt;</a>&nbsp;&nbsp;&nbsp;THEME1_TEXTILE
</UL>

<P><STRONG><a name="[51]"></a>DRAW_BIMO1_BLACKOUT</STRONG> (Thumb, 272 bytes, Stack size 0 bytes, main.o(MYCODE))
<BR><BR>[Called By]<UL><LI><a href="#[40]">&gt;&gt;</a>&nbsp;&nbsp;&nbsp;THEME1_TEXTILE
</UL>

<P><STRONG><a name="[53]"></a>DRAW_BIMO2</STRONG> (Thumb, 272 bytes, Stack size 0 bytes, main.o(MYCODE))
<BR><BR>[Called By]<UL><LI><a href="#[41]">&gt;&gt;</a>&nbsp;&nbsp;&nbsp;THEME2_TEXTILE
</UL>

<P><STRONG><a name="[56]"></a>DRAW_BIMO2_BLACKOUT</STRONG> (Thumb, 272 bytes, Stack size 0 bytes, main.o(MYCODE))
<BR><BR>[Called By]<UL><LI><a href="#[54]">&gt;&gt;</a>&nbsp;&nbsp;&nbsp;BLACKOUT2
</UL>

<P><STRONG><a name="[3a]"></a>SETUP</STRONG> (Thumb, 56 bytes, Stack size 0 bytes, main.o(MYCODE))
<BR><BR>[Calls]<UL><LI><a href="#[4a]">&gt;&gt;</a>&nbsp;&nbsp;&nbsp;LCD_INIT
</UL>
<BR>[Called By]<UL><LI><a href="#[36]">&gt;&gt;</a>&nbsp;&nbsp;&nbsp;__main
</UL>

<P><STRONG><a name="[3b]"></a>GPIO_ENABLE_PORT_B</STRONG> (Thumb, 22 bytes, Stack size 0 bytes, main.o(MYCODE))
<BR><BR>[Called By]<UL><LI><a href="#[36]">&gt;&gt;</a>&nbsp;&nbsp;&nbsp;__main
</UL>

<P><STRONG><a name="[3c]"></a>RTC_INIT</STRONG> (Thumb, 146 bytes, Stack size 0 bytes, main.o(MYCODE))
<BR><BR>[Called By]<UL><LI><a href="#[36]">&gt;&gt;</a>&nbsp;&nbsp;&nbsp;__main
</UL>

<P><STRONG><a name="[4d]"></a>GetTimeFromRTC</STRONG> (Thumb, 74 bytes, Stack size 0 bytes, main.o(MYCODE))
<BR><BR>[Called By]<UL><LI><a href="#[41]">&gt;&gt;</a>&nbsp;&nbsp;&nbsp;THEME2_TEXTILE
<LI><a href="#[40]">&gt;&gt;</a>&nbsp;&nbsp;&nbsp;THEME1_TEXTILE
</UL>

<P><STRONG><a name="[3f]"></a>TIM2_INIT</STRONG> (Thumb, 60 bytes, Stack size 0 bytes, main.o(MYCODE))
<BR><BR>[Calls]<UL><LI><a href="#[55]">&gt;&gt;</a>&nbsp;&nbsp;&nbsp;DRAWSTOP2
</UL>
<BR>[Called By]<UL><LI><a href="#[36]">&gt;&gt;</a>&nbsp;&nbsp;&nbsp;__main
</UL>

<P><STRONG><a name="[55]"></a>DRAWSTOP2</STRONG> (Thumb, 2260 bytes, Stack size 0 bytes, main.o(MYCODE))
<BR><BR>[Calls]<UL><LI><a href="#[44]">&gt;&gt;</a>&nbsp;&nbsp;&nbsp;DRAWSEC_BCD
<LI><a href="#[43]">&gt;&gt;</a>&nbsp;&nbsp;&nbsp;TIME_POSITION
</UL>
<BR>[Called By]<UL><LI><a href="#[3f]">&gt;&gt;</a>&nbsp;&nbsp;&nbsp;TIM2_INIT
<LI><a href="#[41]">&gt;&gt;</a>&nbsp;&nbsp;&nbsp;THEME2_TEXTILE
</UL>

<P><STRONG><a name="[38]"></a>SetSysClock</STRONG> (Thumb, 8 bytes, Stack size 8 bytes, system_stm32f10x.o(.text.SetSysClock))
<BR><BR>[Stack]<UL><LI>Max Depth = 24<LI>Call Chain = SetSysClock &rArr; SetSysClockTo72
</UL>
<BR>[Calls]<UL><LI><a href="#[39]">&gt;&gt;</a>&nbsp;&nbsp;&nbsp;SetSysClockTo72
</UL>
<BR>[Called By]<UL><LI><a href="#[35]">&gt;&gt;</a>&nbsp;&nbsp;&nbsp;SystemInit
</UL>

<P><STRONG><a name="[39]"></a>SetSysClockTo72</STRONG> (Thumb, 290 bytes, Stack size 16 bytes, system_stm32f10x.o(.text.SetSysClockTo72))
<BR><BR>[Stack]<UL><LI>Max Depth = 16<LI>Call Chain = SetSysClockTo72
</UL>
<BR>[Called By]<UL><LI><a href="#[38]">&gt;&gt;</a>&nbsp;&nbsp;&nbsp;SetSysClock
</UL>
<P>
<H3>
Undefined Global Symbols
</H3><HR></body></html>
